/home/charmm-gui/www/../data/www/7053360594/ppm_6988335fc6e91.pdb               
heteroatoms excluded
atom not in library: OT1  A CYS   414
atom not in library: OT2  A CYS   414
Initial optimiz. in hydrocarbon slab with approximate energy functions:
emin=   -84.5 slab thickn.=    29.0
    7 possible transmembrane secondary structure segments
   1 A    7   36  30
   2 A   37   68  32
   3 A   76  110  35
   4 A  114  146  33
   5 A  158  189  32
   6 A  337  369  33
   7 A  376  403  28
Possible transmembrane protein, checking... 
N interact. lipids:  23
#/hom;A; 35;5,7-29,31,41-64,79-101,123-143,145,155,158-181,344-369,377-400,408,411-414
A   8  29    27.  -12.0
A  41  63    16.   -5.4
A  79 101    24.   -4.0
A 123 143     4.  -12.5
A 158 181    19.  -15.8
A 345 366    20.  -11.9
A 377 400    18.   -9.4
TMH contribution:   -71.0
Tilt angle:    1.1
/home/char emin=   -62.9 thickn= 30.6+- 1.0 tilt=     1.+-    1.
