    [GLOBAL STD] Dopa Max = 2616.53

>>> Processing (V2.0 Modularized)...
Analyzing: 20251122_D2_S10_cryoEM_rebuild (3 reps)
     [Align Info] Std 389 aligns to Sim 360. Offset = -29
     [Output] Features saved: results/20251122_D2_S10_cryoEM_rebuild/gromacs_replicate_2/20251122_D2_S10_cryoEM_rebuild_gromacs_replicate_2_features.npy (Shape: (901, 19))
======================================================================
综合相互作用强度分析
======================================================================
Phe389 相互作用强度: 0.247 (质量分数: 0.368)
Phe390 相互作用强度: 0.341 (质量分数: 0.717)
综合相互作用强度: 0.294

Phe389 主要贡献碳: C6
  平均夹角: 73.0° (标准差: 1.4°)

Phe390 主要贡献碳: C6
  平均夹角: 73.7° (标准差: 6.7°)
======================================================================
     [Align Info] Std 389 aligns to Sim 360. Offset = -29
     [Output] Features saved: results/20251122_D2_S10_cryoEM_rebuild/gromacs_replicate_1/20251122_D2_S10_cryoEM_rebuild_gromacs_replicate_1_features.npy (Shape: (901, 19))
======================================================================
综合相互作用强度分析
======================================================================
Phe389 相互作用强度: 0.344 (质量分数: 0.528)
Phe390 相互作用强度: 0.398 (质量分数: 0.615)
综合相互作用强度: 0.371

Phe389 主要贡献碳: C6
  平均夹角: 77.6° (标准差: 1.3°)

Phe390 主要贡献碳: C5
  平均夹角: 77.4° (标准差: 3.6°)
======================================================================
     [Align Info] Std 389 aligns to Sim 360. Offset = -29
     [Output] Features saved: results/20251122_D2_S10_cryoEM_rebuild/gromacs_replicate_3/20251122_D2_S10_cryoEM_rebuild_gromacs_replicate_3_features.npy (Shape: (901, 19))
======================================================================
综合相互作用强度分析
======================================================================
Phe389 相互作用强度: 0.363 (质量分数: 0.608)
Phe390 相互作用强度: 0.394 (质量分数: 0.809)
综合相互作用强度: 0.378

Phe389 主要贡献碳: C6
  平均夹角: 76.7° (标准差: 1.8°)

Phe390 主要贡献碳: C6
  平均夹角: 76.3° (标准差: 6.7°)
======================================================================
  -> Done 20251122_D2_S10_cryoEM_rebuild
Analyzing: 20251115_D2_ARI_cryoEM_rebuild (3 reps)
     [Align Info] Std 389 aligns to Sim 356. Offset = -33
     [Output] Features saved: results/20251115_D2_ARI_cryoEM_rebuild/gromacs_replicate_2/20251115_D2_ARI_cryoEM_rebuild_gromacs_replicate_2_features.npy (Shape: (901, 19))
======================================================================
综合相互作用强度分析
======================================================================
Phe389 相互作用强度: 0.426 (质量分数: 0.569)
Phe390 相互作用强度: 0.323 (质量分数: 0.674)
综合相互作用强度: 0.375

Phe389 主要贡献碳: C2
  平均夹角: 78.7° (标准差: 3.1°)

Phe390 主要贡献碳: C5
  平均夹角: 71.8° (标准差: 7.8°)
======================================================================
     [Align Info] Std 389 aligns to Sim 356. Offset = -33
     [Output] Features saved: results/20251115_D2_ARI_cryoEM_rebuild/gromacs_replicate_1/20251115_D2_ARI_cryoEM_rebuild_gromacs_replicate_1_features.npy (Shape: (901, 19))
======================================================================
综合相互作用强度分析
======================================================================
Phe389 相互作用强度: 0.456 (质量分数: 0.700)
Phe390 相互作用强度: 0.360 (质量分数: 0.815)
综合相互作用强度: 0.408

Phe389 主要贡献碳: C5
  平均夹角: 78.8° (标准差: 2.3°)

Phe390 主要贡献碳: C5
  平均夹角: 73.0° (标准差: 8.1°)
======================================================================
     [Align Info] Std 389 aligns to Sim 356. Offset = -33
     [Output] Features saved: results/20251115_D2_ARI_cryoEM_rebuild/gromacs_replicate_3/20251115_D2_ARI_cryoEM_rebuild_gromacs_replicate_3_features.npy (Shape: (901, 19))
======================================================================
综合相互作用强度分析
======================================================================
Phe389 相互作用强度: 0.173 (质量分数: 0.429)
Phe390 相互作用强度: 0.369 (质量分数: 0.670)
综合相互作用强度: 0.271

Phe389 主要贡献碳: C6
  平均夹角: 68.4° (标准差: 6.6°)

Phe390 主要贡献碳: C5
  平均夹角: 73.8° (标准差: 6.0°)
======================================================================
  -> Done 20251115_D2_ARI_cryoEM_rebuild
Analyzing: 20251130_D2_ROT_cryoEM_rebuild (3 reps)
     [Align Info] Std 389 aligns to Sim 360. Offset = -29
     [Output] Features saved: results/20251130_D2_ROT_cryoEM_rebuild/gromacs_replicate_2/20251130_D2_ROT_cryoEM_rebuild_gromacs_replicate_2_features.npy (Shape: (901, 19))
======================================================================
综合相互作用强度分析
======================================================================
Phe389 相互作用强度: 0.117 (质量分数: 0.316)
Phe390 相互作用强度: 0.068 (质量分数: 0.196)
综合相互作用强度: 0.092

Phe389 主要贡献碳: C5
  平均夹角: 60.4° (标准差: 10.1°)

Phe390 主要贡献碳: C6
  平均夹角: 58.5° (标准差: 8.1°)
======================================================================
     [Align Info] Std 389 aligns to Sim 360. Offset = -29
     [Output] Features saved: results/20251130_D2_ROT_cryoEM_rebuild/gromacs_replicate_1/20251130_D2_ROT_cryoEM_rebuild_gromacs_replicate_1_features.npy (Shape: (901, 19))
======================================================================
综合相互作用强度分析
======================================================================
Phe389 相互作用强度: 0.234 (质量分数: 0.565)
Phe390 相互作用强度: 0.067 (质量分数: 0.219)
综合相互作用强度: 0.151

Phe389 主要贡献碳: C2
  平均夹角: 66.5° (标准差: 9.8°)

Phe390 主要贡献碳: C1
  平均夹角: 58.0° (标准差: 7.7°)
======================================================================
     [Align Info] Std 389 aligns to Sim 360. Offset = -29
     [Output] Features saved: results/20251130_D2_ROT_cryoEM_rebuild/gromacs_replicate_3/20251130_D2_ROT_cryoEM_rebuild_gromacs_replicate_3_features.npy (Shape: (901, 19))
======================================================================
综合相互作用强度分析
======================================================================
Phe389 相互作用强度: 0.169 (质量分数: 0.467)
Phe390 相互作用强度: 0.099 (质量分数: 0.249)
综合相互作用强度: 0.134

Phe389 主要贡献碳: C5
  平均夹角: 63.7° (标准差: 10.3°)

Phe390 主要贡献碳: C1
  平均夹角: 60.3° (标准差: 8.4°)
======================================================================
  -> Done 20251130_D2_ROT_cryoEM_rebuild
Analyzing: 20251203_D2_R10_cryoEM_rebuild (3 reps)
     [Align Info] Std 389 aligns to Sim 360. Offset = -29
     [Output] Features saved: results/20251203_D2_R10_cryoEM_rebuild/gromacs_replicate_2/20251203_D2_R10_cryoEM_rebuild_gromacs_replicate_2_features.npy (Shape: (901, 19))
======================================================================
综合相互作用强度分析
======================================================================
Phe389 相互作用强度: 0.341 (质量分数: 0.484)
Phe390 相互作用强度: 0.389 (质量分数: 0.521)
综合相互作用强度: 0.365

Phe389 主要贡献碳: C6
  平均夹角: 77.4° (标准差: 2.8°)

Phe390 主要贡献碳: C5
  平均夹角: 77.9° (标准差: 2.7°)
======================================================================
     [Align Info] Std 389 aligns to Sim 360. Offset = -29
     [Output] Features saved: results/20251203_D2_R10_cryoEM_rebuild/gromacs_replicate_1/20251203_D2_R10_cryoEM_rebuild_gromacs_replicate_1_features.npy (Shape: (901, 19))
======================================================================
综合相互作用强度分析
======================================================================
Phe389 相互作用强度: 0.287 (质量分数: 0.400)
Phe390 相互作用强度: 0.387 (质量分数: 0.529)
综合相互作用强度: 0.337

Phe389 主要贡献碳: C1
  平均夹角: 74.2° (标准差: 3.6°)

Phe390 主要贡献碳: C1
  平均夹角: 77.7° (标准差: 2.9°)
======================================================================
     [Align Info] Std 389 aligns to Sim 360. Offset = -29
     [Output] Features saved: results/20251203_D2_R10_cryoEM_rebuild/gromacs_replicate_3/20251203_D2_R10_cryoEM_rebuild_gromacs_replicate_3_features.npy (Shape: (901, 19))
======================================================================
综合相互作用强度分析
======================================================================
Phe389 相互作用强度: 0.295 (质量分数: 0.512)
Phe390 相互作用强度: 0.391 (质量分数: 0.620)
综合相互作用强度: 0.343

Phe389 主要贡献碳: C6
  平均夹角: 74.6° (标准差: 2.7°)

Phe390 主要贡献碳: C6
  平均夹角: 77.6° (标准差: 3.4°)
======================================================================
  -> Done 20251203_D2_R10_cryoEM_rebuild
Analyzing: 20251202_D2_S84_boltz (3 reps)
     [Align Info] Std 389 aligns to Sim 360. Offset = -29
     [Output] Features saved: results/20251202_D2_S84_boltz/gromacs_replicate_2/20251202_D2_S84_boltz_gromacs_replicate_2_features.npy (Shape: (901, 19))
======================================================================
综合相互作用强度分析
======================================================================
Phe389 相互作用强度: 0.446 (质量分数: 0.635)
Phe390 相互作用强度: 0.346 (质量分数: 0.630)
综合相互作用强度: 0.396

Phe389 主要贡献碳: C6
  平均夹角: 78.0° (标准差: 2.6°)

Phe390 主要贡献碳: C5
  平均夹角: 72.1° (标准差: 8.5°)
======================================================================
     [Align Info] Std 389 aligns to Sim 360. Offset = -29
     [Output] Features saved: results/20251202_D2_S84_boltz/gromacs_replicate_1/20251202_D2_S84_boltz_gromacs_replicate_1_features.npy (Shape: (901, 19))
======================================================================
综合相互作用强度分析
======================================================================
Phe389 相互作用强度: 0.474 (质量分数: 0.619)
Phe390 相互作用强度: 0.443 (质量分数: 0.705)
综合相互作用强度: 0.459

Phe389 主要贡献碳: C6
  平均夹角: 79.1° (标准差: 2.2°)

Phe390 主要贡献碳: C5
  平均夹角: 76.1° (标准差: 6.0°)
======================================================================
     [Align Info] Std 389 aligns to Sim 360. Offset = -29
     [Output] Features saved: results/20251202_D2_S84_boltz/gromacs_replicate_3/20251202_D2_S84_boltz_gromacs_replicate_3_features.npy (Shape: (901, 19))
======================================================================
综合相互作用强度分析
======================================================================
Phe389 相互作用强度: 0.158 (质量分数: 0.205)
Phe390 相互作用强度: 0.350 (质量分数: 0.621)
综合相互作用强度: 0.254

Phe389 主要贡献碳: C2
  平均夹角: 63.4° (标准差: 1.4°)

Phe390 主要贡献碳: C5
  平均夹角: 72.4° (标准差: 7.4°)
======================================================================
  -> Done 20251202_D2_S84_boltz
Analyzing: 20251115_D2_Dopa_cryoEM_rebuild (3 reps)
     [Align Info] Std 389 aligns to Sim 354. Offset = -35
     [Output] Features saved: results/20251115_D2_Dopa_cryoEM_rebuild/gromacs_replicate_2/20251115_D2_Dopa_cryoEM_rebuild_gromacs_replicate_2_features.npy (Shape: (947, 19))
======================================================================
综合相互作用强度分析
======================================================================
Phe389 相互作用强度: 0.298 (质量分数: 0.582)
Phe390 相互作用强度: 0.179 (质量分数: 0.385)
综合相互作用强度: 0.238

Phe389 主要贡献碳: C2
  平均夹角: 73.4° (标准差: 7.4°)

Phe390 主要贡献碳: C4
  平均夹角: 68.2° (标准差: 8.8°)
======================================================================
     [Align Info] Std 389 aligns to Sim 354. Offset = -35
     [Output] Features saved: results/20251115_D2_Dopa_cryoEM_rebuild/gromacs_replicate_1/20251115_D2_Dopa_cryoEM_rebuild_gromacs_replicate_1_features.npy (Shape: (1201, 19))
======================================================================
综合相互作用强度分析
======================================================================
Phe389 相互作用强度: 0.283 (质量分数: 0.419)
Phe390 相互作用强度: 0.184 (质量分数: 0.378)
综合相互作用强度: 0.233

Phe389 主要贡献碳: C5
  平均夹角: 75.1° (标准差: 7.2°)

Phe390 主要贡献碳: C4
  平均夹角: 67.7° (标准差: 8.2°)
======================================================================
     [Align Info] Std 389 aligns to Sim 354. Offset = -35
     [Output] Features saved: results/20251115_D2_Dopa_cryoEM_rebuild/gromacs_replicate_3/20251115_D2_Dopa_cryoEM_rebuild_gromacs_replicate_3_features.npy (Shape: (901, 19))
======================================================================
综合相互作用强度分析
======================================================================
Phe389 相互作用强度: 0.383 (质量分数: 0.752)
Phe390 相互作用强度: 0.250 (质量分数: 0.482)
综合相互作用强度: 0.316

Phe389 主要贡献碳: C2
  平均夹角: 77.1° (标准差: 3.2°)

Phe390 主要贡献碳: C4
  平均夹角: 72.4° (标准差: 8.5°)
======================================================================
  -> Done 20251115_D2_Dopa_cryoEM_rebuild
Analyzing: 20251123_D2_UNC_Boltz (3 reps)
     [Align Info] Std 389 aligns to Sim 360. Offset = -29
     [Output] Features saved: results/20251123_D2_UNC_Boltz/gromacs_replicate_2/20251123_D2_UNC_Boltz_gromacs_replicate_2_features.npy (Shape: (901, 19))
======================================================================
综合相互作用强度分析
======================================================================
Phe389 相互作用强度: 0.378 (质量分数: 0.700)
Phe390 相互作用强度: 0.236 (质量分数: 0.507)
综合相互作用强度: 0.307

Phe389 主要贡献碳: C6
  平均夹角: 75.9° (标准差: 5.4°)

Phe390 主要贡献碳: C6
  平均夹角: 68.2° (标准差: 8.7°)
======================================================================
     [Align Info] Std 389 aligns to Sim 360. Offset = -29
     [Output] Features saved: results/20251123_D2_UNC_Boltz/gromacs_replicate_1/20251123_D2_UNC_Boltz_gromacs_replicate_1_features.npy (Shape: (901, 19))
======================================================================
综合相互作用强度分析
======================================================================
Phe389 相互作用强度: 0.293 (质量分数: 0.605)
Phe390 相互作用强度: 0.144 (质量分数: 0.314)
综合相互作用强度: 0.219

Phe389 主要贡献碳: C3
  平均夹角: 72.7° (标准差: 6.3°)

Phe390 主要贡献碳: C4
  平均夹角: 63.2° (标准差: 9.3°)
======================================================================
     [Align Info] Std 389 aligns to Sim 360. Offset = -29
     [Output] Features saved: results/20251123_D2_UNC_Boltz/gromacs_replicate_3/20251123_D2_UNC_Boltz_gromacs_replicate_3_features.npy (Shape: (901, 19))
======================================================================
综合相互作用强度分析
======================================================================
Phe389 相互作用强度: 0.205 (质量分数: 0.529)
Phe390 相互作用强度: 0.147 (质量分数: 0.311)
综合相互作用强度: 0.176

Phe389 主要贡献碳: C3
  平均夹角: 67.2° (标准差: 8.2°)

Phe390 主要贡献碳: C1
  平均夹角: 64.1° (标准差: 8.9°)
======================================================================
  -> Done 20251123_D2_UNC_Boltz
Analyzing: 20251130_D2_BRE_boltz (3 reps)
     [Align Info] Std 389 aligns to Sim 360. Offset = -29
     [Output] Features saved: results/20251130_D2_BRE_boltz/gromacs_replicate_2/20251130_D2_BRE_boltz_gromacs_replicate_2_features.npy (Shape: (901, 19))
======================================================================
综合相互作用强度分析
======================================================================
Phe389 相互作用强度: 0.407 (质量分数: 0.491)
Phe390 相互作用强度: 0.359 (质量分数: 0.575)
综合相互作用强度: 0.383

Phe389 主要贡献碳: C5
  平均夹角: 78.3° (标准差: 3.0°)

Phe390 主要贡献碳: C3
  平均夹角: 73.7° (标准差: 6.6°)
======================================================================
     [Align Info] Std 389 aligns to Sim 360. Offset = -29
     [Output] Features saved: results/20251130_D2_BRE_boltz/gromacs_replicate_1/20251130_D2_BRE_boltz_gromacs_replicate_1_features.npy (Shape: (901, 19))
======================================================================
综合相互作用强度分析
======================================================================
Phe389 相互作用强度: 0.469 (质量分数: 0.647)
Phe390 相互作用强度: 0.378 (质量分数: 0.643)
综合相互作用强度: 0.424

Phe389 主要贡献碳: C2
  平均夹角: 79.8° (标准差: 2.2°)

Phe390 主要贡献碳: C5
  平均夹角: 74.2° (标准差: 8.1°)
======================================================================
     [Align Info] Std 389 aligns to Sim 360. Offset = -29
     [Output] Features saved: results/20251130_D2_BRE_boltz/gromacs_replicate_3/20251130_D2_BRE_boltz_gromacs_replicate_3_features.npy (Shape: (901, 19))
======================================================================
综合相互作用强度分析
======================================================================
Phe389 相互作用强度: 0.471 (质量分数: 0.611)
Phe390 相互作用强度: 0.354 (质量分数: 0.615)
综合相互作用强度: 0.412

Phe389 主要贡献碳: C2
  平均夹角: 80.3° (标准差: 2.5°)

Phe390 主要贡献碳: C5
  平均夹角: 73.1° (标准差: 8.2°)
======================================================================
  -> Done 20251130_D2_BRE_boltz
